process_begin: CreateProcess((null), C:/pspsdk/psp/sdk/../bin/sdl-config --cflags, ...) failed.
process_begin: CreateProcess((null), C:/pspsdk/psp/sdk/../bin/sdl-config --libs, ...) failed.
psp-gcc -I. -IC:/pspsdk/psp/sdk/include -O1 -G0 -Wall -g -DHAVE_FFBLK -DDOSISM  -D_PSP_FW_VERSION=401   -c -o Src/vi_svga.o Src/vi_svga.c
Src/vi_svga.c:3:17: error: vga.h: No such file or directory
Src/vi_svga.c:4:25: error: vgakeyboard.h: No such file or directory
Src/vi_svga.c: In function 'Quit':
Src/vi_svga.c:29: warning: implicit declaration of function 'WriteConfig'
Src/vi_svga.c: In function 'VL_WaitVBL':
Src/vi_svga.c:54: warning: implicit declaration of function 'vga_waitretrace'
Src/vi_svga.c: In function 'VL_Startup':
Src/vi_svga.c:75: warning: implicit declaration of function 'vga_init'
Src/vi_svga.c:78: error: 'G640x400x256' undeclared (first use in this function)
Src/vi_svga.c:78: error: (Each undeclared identifier is reported only once
Src/vi_svga.c:78: error: for each function it appears in.)
Src/vi_svga.c:82: error: 'G320x200x256' undeclared (first use in this function)
Src/vi_svga.c:90: warning: implicit declaration of function 'vga_hasmode'
Src/vi_svga.c:93: warning: implicit declaration of function 'vga_setmode'
Src/vi_svga.c:96: warning: implicit declaration of function 'vga_setlinearaddressing'
Src/vi_svga.c:99: warning: implicit declaration of function 'vga_getgraphmem'
Src/vi_svga.c:99: warning: assignment makes pointer from integer without a cast
Src/vi_svga.c:101: warning: implicit declaration of function 'keyboard_init'
Src/vi_svga.c:102: warning: implicit declaration of function 'keyboard_seteventhandler'
Src/vi_svga.c: In function 'VL_Shutdown':
Src/vi_svga.c:115: warning: implicit declaration of function 'keyboard_close'
Src/vi_svga.c:121: error: 'TEXT' undeclared (first use in this function)
Src/vi_svga.c: In function 'VL_SetPalette':
Src/vi_svga.c:141: warning: implicit declaration of function 'vga_setpalette'
Src/vi_svga.c: In function 'VL_GetPalette':
Src/vi_svga.c:157: warning: implicit declaration of function 'vga_getpalette'
Src/vi_svga.c: In function 'SVGALibToScancode':
Src/vi_svga.c:175: error: 'SCANCODE_BREAK' undeclared (first use in this function)
Src/vi_svga.c:176: error: 'SCANCODE_BREAK_ALTERNATIVE' undeclared (first use in this function)
Src/vi_svga.c:178: error: 'SCANCODE_CURSORBLOCKUP' undeclared (first use in this function)
Src/vi_svga.c:180: error: 'SCANCODE_CURSORBLOCKDOWN' undeclared (first use in this function)
Src/vi_svga.c:182: error: 'SCANCODE_CURSORBLOCKLEFT' undeclared (first use in this function)
Src/vi_svga.c:184: error: 'SCANCODE_CURSORBLOCKRIGHT' undeclared (first use in this function)
Src/vi_svga.c:186: error: 'SCANCODE_HOME' undeclared (first use in this function)
Src/vi_svga.c:188: error: 'SCANCODE_END' undeclared (first use in this function)
Src/vi_svga.c:190: error: 'SCANCODE_PAGEUP' undeclared (first use in this function)
Src/vi_svga.c:192: error: 'SCANCODE_PAGEDOWN' undeclared (first use in this function)
Src/vi_svga.c:194: error: 'SCANCODE_INSERT' undeclared (first use in this function)
Src/vi_svga.c:196: error: 'SCANCODE_REMOVE' undeclared (first use in this function)
Src/vi_svga.c: In function 'INL_Update':
Src/vi_svga.c:210: warning: implicit declaration of function 'keyboard_update'
C:\pspsdk\bin\make.exe: *** [Src/vi_svga.o] Error 1